// Jest Snapshot v1, https://goo.gl/fbAQLP

exports[`World renders the world to a string when toString is called 1`] = `
"🔲🔲🔲🔲🔲🔲🔲🔲🔲🔲
🔲‍‍🔳‍‍🔳‍‍🔳‍‍🔳‍‍🔳‍‍🔳‍‍🔳‍‍🔳🔲
🔲‍‍🔳‍‍🔳‍‍🔳‍‍🔳‍‍🔳‍‍🔳‍‍🔳‍‍🔳🔲
🔲‍‍🔳‍‍🔳‍‍🔳‍‍🔳‍‍🔳‍‍🔳‍‍🔳‍‍🔳🔲
🔲‍‍🔳‍‍🔳‍‍🔳‍‍🔳‍‍🔳‍‍🔳‍‍🔳‍‍🔳🔲
🔲‍‍🔳‍‍🔳‍‍🔳‍‍🔳‍‍🔳‍‍🔳‍‍🔳‍‍🔳🔲
🔲‍‍🔳‍‍🔳‍‍🔳‍‍🔳‍‍🔳‍‍🔳‍‍🔳‍‍🔳🔲
🔲‍‍🔳‍‍🔳‍‍🔳‍‍🔳‍‍🔳‍‍🔳‍‍🔳‍‍🔳🔲
🔲‍‍🔳‍‍🔳‍‍🔳‍‍🔳‍‍🔳‍‍🔳‍‍🔳‍‍🔳🔲
🔲🔲🔲🔲🔲🔲🔲🔲🔲🔲
"
`;
